Component: Arm Compiler for Embedded 6.19 Tool: armlink [5e73cb00]

==============================================================================

Section Cross References

    main.o(.ARM.exidx) refers to main.o(.text) for [Anonymous Symbol]
    event_handler.o(.text) refers to timer.o(.text) for timer_read
    event_handler.o(.text) refers to event_handler.o(.data.eh_get_event.port_value_old) for [Anonymous Symbol]
    event_handler.o(.text) refers to event_handler.o(.bss.eh_get_event.timer_old) for [Anonymous Symbol]
    event_handler.o(.ARM.exidx) refers to event_handler.o(.text) for [Anonymous Symbol]
    state_machine.o(.text) refers to action_handler.o(.text) for action_handler_init
    state_machine.o(.text) refers to state_machine.o(.rodata.str1.1) for [Anonymous Symbol]
    state_machine.o(.text) refers to state_machine.o(.bss.state) for [Anonymous Symbol]
    state_machine.o(.ARM.exidx) refers to state_machine.o(.text) for [Anonymous Symbol]
    action_handler.o(.text) refers to hal_ct_lcd.o(.text) for hal_ct_lcd_clear
    action_handler.o(.ARM.exidx) refers to action_handler.o(.text) for [Anonymous Symbol]
    timer.o(.text) refers to hal_timer.o(.text) for hal_timer_irq_status
    timer.o(.text) refers to timer.o(.bss.timer_count) for [Anonymous Symbol]
    timer.o(.ARM.exidx) refers to timer.o(.text) for [Anonymous Symbol]
    datainit_ctboard.o(.text) refers to __scatter.o(!!!scatter) for __scatterload
    datainit_ctboard.o(.text) refers to main.o(.text) for main
    datainit_ctboard.o(.text) refers (Weak) to startup_ctboard.o(STACK) for Stack_Mem
    startup_ctboard.o(RESET) refers to startup_ctboard.o(STACK) for __initial_sp
    startup_ctboard.o(RESET) refers to startup_ctboard.o(.text) for Reset_Handler
    startup_ctboard.o(RESET) refers to timer.o(.text) for TIM4_IRQHandler
    startup_ctboard.o(.text) refers to system_ctboard.o(.text) for __system
    startup_ctboard.o(.text) refers to datainit_ctboard.o(.text) for __main
    system_ctboard.o(.text) refers (Special) to use_no_semi_2.o(.text) for __use_no_semihosting
    system_ctboard.o(.text) refers to hal_rcc.o(.text) for hal_rcc_reset
    system_ctboard.o(.text) refers to hal_pwr.o(.text) for hal_pwr_set_overdrive
    system_ctboard.o(.text) refers to hal_gpio.o(.text) for hal_gpio_init_alternate
    system_ctboard.o(.text) refers to hal_fmc.o(.text) for hal_fmc_init_sram
    system_ctboard.o(.ARM.exidx) refers (Special) to use_no_semi_2.o(.text) for __use_no_semihosting
    system_ctboard.o(.ARM.exidx) refers to system_ctboard.o(.text) for [Anonymous Symbol]
    hal_ct_lcd.o(.text) refers to hal_ct_lcd.o(.rodata.str1.1) for [Anonymous Symbol]
    hal_ct_lcd.o(.ARM.exidx) refers to hal_ct_lcd.o(.text) for [Anonymous Symbol]
    hal_fmc.o(.text) refers to assert.o(.text) for __aeabi_assert
    hal_fmc.o(.text) refers to hal_fmc.o(.rodata.str1.1) for [Anonymous Symbol]
    hal_fmc.o(.ARM.exidx) refers to hal_fmc.o(.text) for [Anonymous Symbol]
    hal_gpio.o(.text) refers to aeabi_sdiv.o(.text) for __aeabi_uidiv
    hal_gpio.o(.ARM.exidx) refers to hal_gpio.o(.text) for [Anonymous Symbol]
    hal_pwr.o(.ARM.exidx) refers to hal_pwr.o(.text) for [Anonymous Symbol]
    hal_rcc.o(.text) refers to assert.o(.text) for __aeabi_assert
    hal_rcc.o(.text) refers to hal_rcc.o(.rodata.str1.1) for [Anonymous Symbol]
    hal_rcc.o(.ARM.exidx) refers to hal_rcc.o(.text) for [Anonymous Symbol]
    hal_timer.o(.text) refers to assert.o(.text) for __aeabi_assert
    hal_timer.o(.text) refers to hal_timer.o(.rodata.str1.1) for [Anonymous Symbol]
    hal_timer.o(.ARM.exidx) refers to hal_timer.o(.text) for [Anonymous Symbol]
    use_no_semi_2.o(.text) refers (Special) to use_no_semi.o(.text) for __use_no_semihosting_swi
    assert.o(.text) refers to assert_puts.o(.text) for __assert_puts
    assert.o(.text) refers to aeabi_sdiv.o(.text) for __aeabi_idivmod
    assert.o(.text) refers to abort.o(.text) for abort
    __scatter.o(!!!scatter) refers to __rtentry.o(.ARM.Collect$$rtentry$$00000000) for __rt_entry
    __rtentry.o(.ARM.Collect$$rtentry$$00000000) refers (Special) to __rtentry2.o(.ARM.Collect$$rtentry$$0000000A) for __rt_entry_li
    __rtentry.o(.ARM.Collect$$rtentry$$00000000) refers (Special) to __rtentry2.o(.ARM.Collect$$rtentry$$0000000D) for __rt_entry_main
    __rtentry.o(.ARM.Collect$$rtentry$$00000000) refers (Special) to __rtentry2.o(.ARM.Collect$$rtentry$$0000000C) for __rt_entry_postli_1
    __rtentry.o(.ARM.Collect$$rtentry$$00000000) refers (Special) to __rtentry2.o(.ARM.Collect$$rtentry$$00000009) for __rt_entry_postsh_1
    __rtentry.o(.ARM.Collect$$rtentry$$00000000) refers (Special) to __rtentry2.o(.ARM.Collect$$rtentry$$00000002) for __rt_entry_presh_1
    __rtentry.o(.ARM.Collect$$rtentry$$00000000) refers (Special) to __rtentry4.o(.ARM.Collect$$rtentry$$00000004) for __rt_entry_sh
    aeabi_idiv0_sigfpe.o(.text) refers to rt_div0.o(.text) for __rt_div0
    abort.o(.text) refers to defsig_abrt_outer.o(.text) for __rt_SIGABRT
    abort.o(.text) refers (Weak) to libshutdown.o(.ARM.Collect$$libshutdown$$00000000) for __rt_lib_shutdown
    abort.o(.text) refers to system_ctboard.o(.text) for _sys_exit
    assert_puts.o(.text) refers to system_ctboard.o(.text) for _ttywrch
    __rtentry2.o(.ARM.Collect$$rtentry$$00000008) refers to boardinit2.o(.text) for _platform_post_stackheap_init
    __rtentry2.o(.ARM.Collect$$rtentry$$0000000A) refers to libinit.o(.ARM.Collect$$libinit$$00000000) for __rt_lib_init
    __rtentry2.o(.ARM.Collect$$rtentry$$0000000B) refers to boardinit3.o(.text) for _platform_post_lib_init
    __rtentry2.o(.ARM.Collect$$rtentry$$0000000D) refers to main.o(.text) for main
    __rtentry2.o(.ARM.Collect$$rtentry$$0000000D) refers to exit.o(.text) for exit
    __rtentry2.o(.ARM.exidx) refers to __rtentry2.o(.ARM.Collect$$rtentry$$00000001) for .ARM.Collect$$rtentry$$00000001
    __rtentry2.o(.ARM.exidx) refers to __rtentry2.o(.ARM.Collect$$rtentry$$00000008) for .ARM.Collect$$rtentry$$00000008
    __rtentry2.o(.ARM.exidx) refers to __rtentry2.o(.ARM.Collect$$rtentry$$0000000A) for .ARM.Collect$$rtentry$$0000000A
    __rtentry2.o(.ARM.exidx) refers to __rtentry2.o(.ARM.Collect$$rtentry$$0000000B) for .ARM.Collect$$rtentry$$0000000B
    __rtentry2.o(.ARM.exidx) refers to __rtentry2.o(.ARM.Collect$$rtentry$$0000000D) for .ARM.Collect$$rtentry$$0000000D
    __rtentry4.o(.ARM.Collect$$rtentry$$00000004) refers to datainit_ctboard.o(.text) for __user_setup_stackheap
    __rtentry4.o(.ARM.exidx) refers to __rtentry4.o(.ARM.Collect$$rtentry$$00000004) for .ARM.Collect$$rtentry$$00000004
    rt_div0.o(.text) refers to defsig_fpe_outer.o(.text) for __rt_SIGFPE
    defsig_abrt_outer.o(.text) refers to defsig_abrt_inner.o(.text) for __rt_SIGABRT_inner
    defsig_abrt_outer.o(.text) refers to defsig_exit.o(.text) for __sig_exit
    defsig_abrt_formal.o(.text) refers to rt_raise.o(.text) for __rt_raise
    rt_raise.o(.text) refers to __raise.o(.text) for __raise
    rt_raise.o(.text) refers to system_ctboard.o(.text) for _sys_exit
    exit.o(.text) refers to rtexit.o(.ARM.Collect$$rtexit$$00000000) for __rt_exit
    defsig_exit.o(.text) refers to system_ctboard.o(.text) for _sys_exit
    defsig_abrt_inner.o(.text) refers to defsig_general.o(.text) for __default_signal_display
    defsig_fpe_outer.o(.text) refers to defsig_fpe_inner.o(.text) for __rt_SIGFPE_inner
    defsig_fpe_outer.o(.text) refers to defsig_exit.o(.text) for __sig_exit
    defsig_fpe_formal.o(.text) refers to rt_raise.o(.text) for __rt_raise
    libinit.o(.ARM.Collect$$libinit$$00000000) refers (Special) to libinit2.o(.ARM.Collect$$libinit$$00000030) for __rt_lib_init_alloca_1
    libinit.o(.ARM.Collect$$libinit$$00000000) refers (Special) to libinit2.o(.ARM.Collect$$libinit$$0000002E) for __rt_lib_init_argv_1
    libinit.o(.ARM.Collect$$libinit$$00000000) refers (Special) to libinit2.o(.ARM.Collect$$libinit$$0000001D) for __rt_lib_init_atexit_1
    libinit.o(.ARM.Collect$$libinit$$00000000) refers (Special) to libinit2.o(.ARM.Collect$$libinit$$00000023) for __rt_lib_init_clock_1
    libinit.o(.ARM.Collect$$libinit$$00000000) refers (Special) to libinit2.o(.ARM.Collect$$libinit$$00000034) for __rt_lib_init_cpp_1
    libinit.o(.ARM.Collect$$libinit$$00000000) refers (Special) to libinit2.o(.ARM.Collect$$libinit$$00000032) for __rt_lib_init_exceptions_1
    libinit.o(.ARM.Collect$$libinit$$00000000) refers (Special) to libinit2.o(.ARM.Collect$$libinit$$00000002) for __rt_lib_init_fp_1
    libinit.o(.ARM.Collect$$libinit$$00000000) refers (Special) to libinit2.o(.ARM.Collect$$libinit$$00000021) for __rt_lib_init_fp_trap_1
    libinit.o(.ARM.Collect$$libinit$$00000000) refers (Special) to libinit2.o(.ARM.Collect$$libinit$$00000025) for __rt_lib_init_getenv_1
    libinit.o(.ARM.Collect$$libinit$$00000000) refers (Special) to libinit2.o(.ARM.Collect$$libinit$$0000000C) for __rt_lib_init_heap_1
    libinit.o(.ARM.Collect$$libinit$$00000000) refers (Special) to libinit2.o(.ARM.Collect$$libinit$$00000013) for __rt_lib_init_lc_collate_1
    libinit.o(.ARM.Collect$$libinit$$00000000) refers (Special) to libinit2.o(.ARM.Collect$$libinit$$00000015) for __rt_lib_init_lc_ctype_1
    libinit.o(.ARM.Collect$$libinit$$00000000) refers (Special) to libinit2.o(.ARM.Collect$$libinit$$00000017) for __rt_lib_init_lc_monetary_1
    libinit.o(.ARM.Collect$$libinit$$00000000) refers (Special) to libinit2.o(.ARM.Collect$$libinit$$00000019) for __rt_lib_init_lc_numeric_1
    libinit.o(.ARM.Collect$$libinit$$00000000) refers (Special) to libinit2.o(.ARM.Collect$$libinit$$0000001B) for __rt_lib_init_lc_time_1
    libinit.o(.ARM.Collect$$libinit$$00000000) refers (Special) to libinit2.o(.ARM.Collect$$libinit$$00000006) for __rt_lib_init_preinit_1
    libinit.o(.ARM.Collect$$libinit$$00000000) refers (Special) to libinit2.o(.ARM.Collect$$libinit$$00000010) for __rt_lib_init_rand_1
    libinit.o(.ARM.Collect$$libinit$$00000000) refers (Special) to libinit2.o(.ARM.Collect$$libinit$$00000004) for __rt_lib_init_relocate_pie_1
    libinit.o(.ARM.Collect$$libinit$$00000000) refers (Special) to libinit2.o(.ARM.Collect$$libinit$$00000035) for __rt_lib_init_return
    libinit.o(.ARM.Collect$$libinit$$00000000) refers (Special) to libinit2.o(.ARM.Collect$$libinit$$0000001F) for __rt_lib_init_signal_1
    libinit.o(.ARM.Collect$$libinit$$00000000) refers (Special) to libinit2.o(.ARM.Collect$$libinit$$00000027) for __rt_lib_init_stdio_1
    libinit.o(.ARM.Collect$$libinit$$00000000) refers (Special) to libinit2.o(.ARM.Collect$$libinit$$0000000E) for __rt_lib_init_user_alloc_1
    rtexit.o(.ARM.Collect$$rtexit$$00000000) refers (Special) to rtexit2.o(.ARM.Collect$$rtexit$$00000004) for __rt_exit_exit
    rtexit.o(.ARM.Collect$$rtexit$$00000000) refers (Special) to rtexit2.o(.ARM.Collect$$rtexit$$00000003) for __rt_exit_ls
    rtexit.o(.ARM.Collect$$rtexit$$00000000) refers (Special) to rtexit2.o(.ARM.Collect$$rtexit$$00000002) for __rt_exit_prels_1
    rtexit.o(.ARM.exidx) refers (Special) to rtexit2.o(.ARM.Collect$$rtexit$$00000004) for __rt_exit_exit
    rtexit.o(.ARM.exidx) refers (Special) to rtexit2.o(.ARM.Collect$$rtexit$$00000003) for __rt_exit_ls
    rtexit.o(.ARM.exidx) refers (Special) to rtexit2.o(.ARM.Collect$$rtexit$$00000002) for __rt_exit_prels_1
    rtexit.o(.ARM.exidx) refers to rtexit.o(.ARM.Collect$$rtexit$$00000000) for .ARM.Collect$$rtexit$$00000000
    __raise.o(.text) refers to defsig.o(CL$$defsig) for __default_signal_handler
    defsig_general.o(.text) refers to system_ctboard.o(.text) for _ttywrch
    defsig_fpe_inner.o(.text) refers to defsig_general.o(.text) for __default_signal_display
    libinit2.o(.ARM.Collect$$libinit$$00000012) refers to libinit2.o(.ARM.Collect$$libinit$$00000011) for .ARM.Collect$$libinit$$00000011
    libinit2.o(.ARM.Collect$$libinit$$00000014) refers to libinit2.o(.ARM.Collect$$libinit$$00000011) for .ARM.Collect$$libinit$$00000011
    libinit2.o(.ARM.Collect$$libinit$$00000016) refers to libinit2.o(.ARM.Collect$$libinit$$00000011) for .ARM.Collect$$libinit$$00000011
    libinit2.o(.ARM.Collect$$libinit$$00000018) refers to libinit2.o(.ARM.Collect$$libinit$$00000011) for .ARM.Collect$$libinit$$00000011
    libinit2.o(.ARM.Collect$$libinit$$0000001A) refers to libinit2.o(.ARM.Collect$$libinit$$00000011) for .ARM.Collect$$libinit$$00000011
    libinit2.o(.ARM.Collect$$libinit$$00000028) refers to argv_veneer.o(.text) for __ARM_argv_veneer
    libinit2.o(.ARM.Collect$$libinit$$00000029) refers to argv_veneer.o(.text) for __ARM_argv_veneer
    rtexit2.o(.ARM.Collect$$rtexit$$00000003) refers to libshutdown.o(.ARM.Collect$$libshutdown$$00000000) for __rt_lib_shutdown
    rtexit2.o(.ARM.Collect$$rtexit$$00000004) refers to system_ctboard.o(.text) for _sys_exit
    rtexit2.o(.ARM.exidx) refers to rtexit2.o(.ARM.Collect$$rtexit$$00000001) for .ARM.Collect$$rtexit$$00000001
    rtexit2.o(.ARM.exidx) refers to rtexit2.o(.ARM.Collect$$rtexit$$00000003) for .ARM.Collect$$rtexit$$00000003
    rtexit2.o(.ARM.exidx) refers to rtexit2.o(.ARM.Collect$$rtexit$$00000004) for .ARM.Collect$$rtexit$$00000004
    defsig.o(CL$$defsig) refers to defsig_abrt_inner.o(.text) for __rt_SIGABRT_inner
    defsig.o(CL$$defsig) refers to defsig_fpe_inner.o(.text) for __rt_SIGFPE_inner
    defsig.o(CL$$defsig) refers to defsig_rtmem_inner.o(.text) for __rt_SIGRTMEM_inner
    defsig_rtred_inner.o(.text) refers to defsig_general.o(.text) for __default_signal_display
    defsig_rtmem_inner.o(.text) refers to defsig_general.o(.text) for __default_signal_display
    defsig_stak_inner.o(.text) refers to defsig_general.o(.text) for __default_signal_display
    defsig_pvfn_inner.o(.text) refers to defsig_general.o(.text) for __default_signal_display
    defsig_cppl_inner.o(.text) refers to defsig_general.o(.text) for __default_signal_display
    defsig_segv_inner.o(.text) refers to defsig_general.o(.text) for __default_signal_display
    defsig_other.o(.text) refers to defsig_general.o(.text) for __default_signal_display
    _get_argv_nomalloc.o(.text) refers (Special) to hrguard.o(.text) for __heap_region$guard
    _get_argv_nomalloc.o(.text) refers to defsig_rtmem_outer.o(.text) for __rt_SIGRTMEM
    _get_argv_nomalloc.o(.text) refers to system_ctboard.o(.text) for _sys_command_string
    libshutdown.o(.ARM.Collect$$libshutdown$$00000000) refers (Special) to libshutdown2.o(.ARM.Collect$$libshutdown$$00000002) for __rt_lib_shutdown_cpp_1
    libshutdown.o(.ARM.Collect$$libshutdown$$00000000) refers (Special) to libshutdown2.o(.ARM.Collect$$libshutdown$$00000007) for __rt_lib_shutdown_fp_trap_1
    libshutdown.o(.ARM.Collect$$libshutdown$$00000000) refers (Special) to libshutdown2.o(.ARM.Collect$$libshutdown$$0000000F) for __rt_lib_shutdown_heap_1
    libshutdown.o(.ARM.Collect$$libshutdown$$00000000) refers (Special) to libshutdown2.o(.ARM.Collect$$libshutdown$$00000010) for __rt_lib_shutdown_return
    libshutdown.o(.ARM.Collect$$libshutdown$$00000000) refers (Special) to libshutdown2.o(.ARM.Collect$$libshutdown$$0000000A) for __rt_lib_shutdown_signal_1
    libshutdown.o(.ARM.Collect$$libshutdown$$00000000) refers (Special) to libshutdown2.o(.ARM.Collect$$libshutdown$$00000004) for __rt_lib_shutdown_stdio_1
    libshutdown.o(.ARM.Collect$$libshutdown$$00000000) refers (Special) to libshutdown2.o(.ARM.Collect$$libshutdown$$0000000C) for __rt_lib_shutdown_user_alloc_1
    defsig_rtmem_outer.o(.text) refers to defsig_rtmem_inner.o(.text) for __rt_SIGRTMEM_inner
    defsig_rtmem_outer.o(.text) refers to defsig_exit.o(.text) for __sig_exit
    defsig_rtmem_formal.o(.text) refers to rt_raise.o(.text) for __rt_raise


==============================================================================

Removing Unused input sections from the image.

    Removing main.o(.ARM.exidx), (8 bytes).
    Removing main.o(.ARM.use_no_argv), (4 bytes).
    Removing event_handler.o(.text), (112 bytes).
    Removing event_handler.o(.ARM.exidx), (8 bytes).
    Removing event_handler.o(.data.eh_get_event.port_value_old), (1 bytes).
    Removing event_handler.o(.bss.eh_get_event.timer_old), (2 bytes).
    Removing state_machine.o(.text), (36 bytes).
    Removing state_machine.o(.ARM.exidx), (16 bytes).
    Removing state_machine.o(.rodata.str1.1), (16 bytes).
    Removing state_machine.o(.bss.state), (4 bytes).
    Removing action_handler.o(.text), (34 bytes).
    Removing action_handler.o(.ARM.exidx), (16 bytes).
    Removing timer.o(.ARM.exidx), (40 bytes).
    Removing startup_ctboard.o(HEAP), (2048 bytes).
    Removing system_ctboard.o(.ARM.exidx), (96 bytes).
    Removing hal_ct_lcd.o(.text), (200 bytes).
    Removing hal_ct_lcd.o(.ARM.exidx), (24 bytes).
    Removing hal_ct_lcd.o(.rodata.str1.1), (21 bytes).
    Removing hal_fmc.o(.ARM.exidx), (16 bytes).
    Removing hal_gpio.o(.ARM.exidx), (136 bytes).
    Removing hal_pwr.o(.ARM.exidx), (56 bytes).
    Removing hal_rcc.o(.ARM.exidx), (40 bytes).
    Removing hal_timer.o(.ARM.exidx), (168 bytes).

23 unused section(s) (total 3102 bytes) removed from the image.

==============================================================================

Image Symbol Table

    Local Symbols

    Symbol Name                              Value     Ov Type        Size  Object(Section)

    ../clib/angel/boardlib.s                 0x00000000   Number         0  boardinit1.o ABSOLUTE
    ../clib/angel/boardlib.s                 0x00000000   Number         0  boardinit2.o ABSOLUTE
    ../clib/angel/boardlib.s                 0x00000000   Number         0  boardinit3.o ABSOLUTE
    ../clib/angel/boardlib.s                 0x00000000   Number         0  boardshut.o ABSOLUTE
    ../clib/angel/handlers.s                 0x00000000   Number         0  __scatter_zi.o ABSOLUTE
    ../clib/angel/kernel.s                   0x00000000   Number         0  __rtentry.o ABSOLUTE
    ../clib/angel/kernel.s                   0x00000000   Number         0  __rtentry2.o ABSOLUTE
    ../clib/angel/kernel.s                   0x00000000   Number         0  __rtentry4.o ABSOLUTE
    ../clib/angel/kernel.s                   0x00000000   Number         0  rtexit.o ABSOLUTE
    ../clib/angel/kernel.s                   0x00000000   Number         0  rtexit2.o ABSOLUTE
    ../clib/angel/rt.s                       0x00000000   Number         0  aeabi_idiv0.o ABSOLUTE
    ../clib/angel/rt.s                       0x00000000   Number         0  aeabi_idiv0_sigfpe.o ABSOLUTE
    ../clib/angel/rt.s                       0x00000000   Number         0  rt_div0.o ABSOLUTE
    ../clib/angel/rt.s                       0x00000000   Number         0  rt_raise.o ABSOLUTE
    ../clib/angel/scatterp.s                 0x00000000   Number         0  __scatter.o ABSOLUTE
    ../clib/angel/sys.s                      0x00000000   Number         0  use_no_semi_2.o ABSOLUTE
    ../clib/angel/sys.s                      0x00000000   Number         0  use_no_semi.o ABSOLUTE
    ../clib/armsys.c                         0x00000000   Number         0  argv_veneer.o ABSOLUTE
    ../clib/armsys.c                         0x00000000   Number         0  _get_argv_nomalloc.o ABSOLUTE
    ../clib/armsys.c                         0x00000000   Number         0  no_argv.o ABSOLUTE
    ../clib/assert.c                         0x00000000   Number         0  assert.o ABSOLUTE
    ../clib/assert.c                         0x00000000   Number         0  assert_puts.o ABSOLUTE
    ../clib/division.s                       0x00000000   Number         0  aeabi_sdiv.o ABSOLUTE
    ../clib/division.s                       0x00000000   Number         0  aeabi_sdiv_div0.o ABSOLUTE
    ../clib/heapalloc.c                      0x00000000   Number         0  hrguard.o ABSOLUTE
    ../clib/libinit.s                        0x00000000   Number         0  libinit.o ABSOLUTE
    ../clib/libinit.s                        0x00000000   Number         0  libinit2.o ABSOLUTE
    ../clib/libinit.s                        0x00000000   Number         0  libshutdown.o ABSOLUTE
    ../clib/libinit.s                        0x00000000   Number         0  libshutdown2.o ABSOLUTE
    ../clib/signal.c                         0x00000000   Number         0  defsig_abrt_outer.o ABSOLUTE
    ../clib/signal.c                         0x00000000   Number         0  defsig_abrt_formal.o ABSOLUTE
    ../clib/signal.c                         0x00000000   Number         0  defsig_exit.o ABSOLUTE
    ../clib/signal.c                         0x00000000   Number         0  defsig_abrt_inner.o ABSOLUTE
    ../clib/signal.c                         0x00000000   Number         0  defsig_fpe_outer.o ABSOLUTE
    ../clib/signal.c                         0x00000000   Number         0  defsig_fpe_formal.o ABSOLUTE
    ../clib/signal.c                         0x00000000   Number         0  __raise.o ABSOLUTE
    ../clib/signal.c                         0x00000000   Number         0  defsig_general.o ABSOLUTE
    ../clib/signal.c                         0x00000000   Number         0  defsig_fpe_inner.o ABSOLUTE
    ../clib/signal.c                         0x00000000   Number         0  defsig_rtred_inner.o ABSOLUTE
    ../clib/signal.c                         0x00000000   Number         0  defsig_rtmem_inner.o ABSOLUTE
    ../clib/signal.c                         0x00000000   Number         0  defsig_stak_inner.o ABSOLUTE
    ../clib/signal.c                         0x00000000   Number         0  defsig_pvfn_inner.o ABSOLUTE
    ../clib/signal.c                         0x00000000   Number         0  defsig_cppl_inner.o ABSOLUTE
    ../clib/signal.c                         0x00000000   Number         0  defsig_segv_inner.o ABSOLUTE
    ../clib/signal.c                         0x00000000   Number         0  defsig_other.o ABSOLUTE
    ../clib/signal.c                         0x00000000   Number         0  defsig_rtmem_outer.o ABSOLUTE
    ../clib/signal.c                         0x00000000   Number         0  defsig_rtmem_formal.o ABSOLUTE
    ../clib/signal.s                         0x00000000   Number         0  defsig.o ABSOLUTE
    ../clib/stdlib.c                         0x00000000   Number         0  abort.o ABSOLUTE
    ../clib/stdlib.c                         0x00000000   Number         0  exit.o ABSOLUTE
    ../fplib/cfplib/fpinit.c                 0x00000000   Number         0  fpinit.o ABSOLUTE
    RTE/Device/CT_Board_HS14_M0/datainit_ctboard.s 0x00000000   Number         0  datainit_ctboard.o ABSOLUTE
    RTE/Device/CT_Board_HS14_M0/startup_ctboard.s 0x00000000   Number         0  startup_ctboard.o ABSOLUTE
    action_handler.c                         0x00000000   Number         0  action_handler.o ABSOLUTE
    dc.s                                     0x00000000   Number         0  dc.o ABSOLUTE
    event_handler.c                          0x00000000   Number         0  event_handler.o ABSOLUTE
    hal_ct_lcd.c                             0x00000000   Number         0  hal_ct_lcd.o ABSOLUTE
    hal_fmc.c                                0x00000000   Number         0  hal_fmc.o ABSOLUTE
    hal_gpio.c                               0x00000000   Number         0  hal_gpio.o ABSOLUTE
    hal_pwr.c                                0x00000000   Number         0  hal_pwr.o ABSOLUTE
    hal_rcc.c                                0x00000000   Number         0  hal_rcc.o ABSOLUTE
    hal_timer.c                              0x00000000   Number         0  hal_timer.o ABSOLUTE
    main.c                                   0x00000000   Number         0  main.o ABSOLUTE
    state_machine.c                          0x00000000   Number         0  state_machine.o ABSOLUTE
    system_ctboard.c                         0x00000000   Number         0  system_ctboard.o ABSOLUTE
    timer.c                                  0x00000000   Number         0  timer.o ABSOLUTE
    RESET                                    0x08000000   Section      428  startup_ctboard.o(RESET)
    !!!scatter                               0x080001ac   Section       60  __scatter.o(!!!scatter)
    !!handler_zi                             0x080001e8   Section       28  __scatter_zi.o(!!handler_zi)
    .ARM.Collect$$libinit$$00000000          0x08000204   Section        2  libinit.o(.ARM.Collect$$libinit$$00000000)
    .ARM.Collect$$libinit$$00000002          0x08000206   Section        0  libinit2.o(.ARM.Collect$$libinit$$00000002)
    .ARM.Collect$$libinit$$00000004          0x08000206   Section        0  libinit2.o(.ARM.Collect$$libinit$$00000004)
    .ARM.Collect$$libinit$$00000006          0x08000206   Section        0  libinit2.o(.ARM.Collect$$libinit$$00000006)
    .ARM.Collect$$libinit$$0000000C          0x08000206   Section        0  libinit2.o(.ARM.Collect$$libinit$$0000000C)
    .ARM.Collect$$libinit$$0000000E          0x08000206   Section        0  libinit2.o(.ARM.Collect$$libinit$$0000000E)
    .ARM.Collect$$libinit$$00000010          0x08000206   Section        0  libinit2.o(.ARM.Collect$$libinit$$00000010)
    .ARM.Collect$$libinit$$00000013          0x08000206   Section        0  libinit2.o(.ARM.Collect$$libinit$$00000013)
    .ARM.Collect$$libinit$$00000015          0x08000206   Section        0  libinit2.o(.ARM.Collect$$libinit$$00000015)
    .ARM.Collect$$libinit$$00000017          0x08000206   Section        0  libinit2.o(.ARM.Collect$$libinit$$00000017)
    .ARM.Collect$$libinit$$00000019          0x08000206   Section        0  libinit2.o(.ARM.Collect$$libinit$$00000019)
    .ARM.Collect$$libinit$$0000001B          0x08000206   Section        0  libinit2.o(.ARM.Collect$$libinit$$0000001B)
    .ARM.Collect$$libinit$$0000001D          0x08000206   Section        0  libinit2.o(.ARM.Collect$$libinit$$0000001D)
    .ARM.Collect$$libinit$$0000001F          0x08000206   Section        0  libinit2.o(.ARM.Collect$$libinit$$0000001F)
    .ARM.Collect$$libinit$$00000021          0x08000206   Section        0  libinit2.o(.ARM.Collect$$libinit$$00000021)
    .ARM.Collect$$libinit$$00000023          0x08000206   Section        0  libinit2.o(.ARM.Collect$$libinit$$00000023)
    .ARM.Collect$$libinit$$00000025          0x08000206   Section        0  libinit2.o(.ARM.Collect$$libinit$$00000025)
    .ARM.Collect$$libinit$$00000027          0x08000206   Section        0  libinit2.o(.ARM.Collect$$libinit$$00000027)
    .ARM.Collect$$libinit$$0000002E          0x08000206   Section        0  libinit2.o(.ARM.Collect$$libinit$$0000002E)
    .ARM.Collect$$libinit$$00000030          0x08000206   Section        0  libinit2.o(.ARM.Collect$$libinit$$00000030)
    .ARM.Collect$$libinit$$00000032          0x08000206   Section        0  libinit2.o(.ARM.Collect$$libinit$$00000032)
    .ARM.Collect$$libinit$$00000034          0x08000206   Section        0  libinit2.o(.ARM.Collect$$libinit$$00000034)
    .ARM.Collect$$libinit$$00000035          0x08000206   Section        2  libinit2.o(.ARM.Collect$$libinit$$00000035)
    .ARM.Collect$$libshutdown$$00000000      0x08000208   Section        2  libshutdown.o(.ARM.Collect$$libshutdown$$00000000)
    .ARM.Collect$$libshutdown$$00000002      0x0800020a   Section        0  libshutdown2.o(.ARM.Collect$$libshutdown$$00000002)
    .ARM.Collect$$libshutdown$$00000004      0x0800020a   Section        0  libshutdown2.o(.ARM.Collect$$libshutdown$$00000004)
    .ARM.Collect$$libshutdown$$00000007      0x0800020a   Section        0  libshutdown2.o(.ARM.Collect$$libshutdown$$00000007)
    .ARM.Collect$$libshutdown$$0000000A      0x0800020a   Section        0  libshutdown2.o(.ARM.Collect$$libshutdown$$0000000A)
    .ARM.Collect$$libshutdown$$0000000C      0x0800020a   Section        0  libshutdown2.o(.ARM.Collect$$libshutdown$$0000000C)
    .ARM.Collect$$libshutdown$$0000000F      0x0800020a   Section        0  libshutdown2.o(.ARM.Collect$$libshutdown$$0000000F)
    .ARM.Collect$$libshutdown$$00000010      0x0800020a   Section        2  libshutdown2.o(.ARM.Collect$$libshutdown$$00000010)
    .ARM.Collect$$rtentry$$00000000          0x0800020c   Section        0  __rtentry.o(.ARM.Collect$$rtentry$$00000000)
    .ARM.Collect$$rtentry$$00000002          0x0800020c   Section        0  __rtentry2.o(.ARM.Collect$$rtentry$$00000002)
    .ARM.Collect$$rtentry$$00000004          0x0800020c   Section        6  __rtentry4.o(.ARM.Collect$$rtentry$$00000004)
    .ARM.Collect$$rtentry$$00000009          0x08000212   Section        0  __rtentry2.o(.ARM.Collect$$rtentry$$00000009)
    .ARM.Collect$$rtentry$$0000000A          0x08000212   Section        4  __rtentry2.o(.ARM.Collect$$rtentry$$0000000A)
    .ARM.Collect$$rtentry$$0000000C          0x08000216   Section        0  __rtentry2.o(.ARM.Collect$$rtentry$$0000000C)
    .ARM.Collect$$rtentry$$0000000D          0x08000216   Section        8  __rtentry2.o(.ARM.Collect$$rtentry$$0000000D)
    .ARM.Collect$$rtexit$$00000000           0x0800021e   Section        2  rtexit.o(.ARM.Collect$$rtexit$$00000000)
    .ARM.Collect$$rtexit$$00000002           0x08000220   Section        0  rtexit2.o(.ARM.Collect$$rtexit$$00000002)
    .ARM.Collect$$rtexit$$00000003           0x08000220   Section        4  rtexit2.o(.ARM.Collect$$rtexit$$00000003)
    .ARM.Collect$$rtexit$$00000004           0x08000224   Section        6  rtexit2.o(.ARM.Collect$$rtexit$$00000004)
    [Anonymous Symbol]                       0x0800022c   Section        0  main.o(.text)
    [Anonymous Symbol]                       0x08000230   Section        0  timer.o(.text)
    __arm_cp.0_0                             0x08000260   Number         4  timer.o(.text)
    __arm_cp.0_1                             0x08000264   Number         4  timer.o(.text)
    __arm_cp.1_0                             0x080002b0   Number         4  timer.o(.text)
    __arm_cp.1_1                             0x080002b4   Number         4  timer.o(.text)
    __arm_cp.1_2                             0x080002b8   Number         4  timer.o(.text)
    __arm_cp.2_0                             0x080002cc   Number         4  timer.o(.text)
    __arm_cp.3_0                             0x080002d8   Number         4  timer.o(.text)
    __arm_cp.4_0                             0x080002e4   Number         4  timer.o(.text)
    .text                                    0x080002e8   Section       40  datainit_ctboard.o(.text)
    .text                                    0x08000310   Section       36  startup_ctboard.o(.text)
    [Anonymous Symbol]                       0x08000334   Section        0  system_ctboard.o(.text)
    init_SystemClock                         0x08000351   Thumb Code   168  system_ctboard.o(.text)
    __arm_cp.2_0                             0x080003f8   Number         4  system_ctboard.o(.text)
    __arm_cp.2_1                             0x080003fc   Number         4  system_ctboard.o(.text)
    __arm_cp.2_2                             0x08000400   Number         4  system_ctboard.o(.text)
    __arm_cp.2_3                             0x08000404   Number         4  system_ctboard.o(.text)
    __arm_cp.2_4                             0x08000408   Number         4  system_ctboard.o(.text)
    init_FPU                                 0x0800040d   Thumb Code     2  system_ctboard.o(.text)
    init_FMC_SRAM                            0x08000411   Thumb Code   340  system_ctboard.o(.text)
    __arm_cp.4_0                             0x08000564   Number         4  system_ctboard.o(.text)
    __arm_cp.4_1                             0x08000568   Number         4  system_ctboard.o(.text)
    __arm_cp.4_2                             0x0800056c   Number         4  system_ctboard.o(.text)
    __arm_cp.4_3                             0x08000570   Number         4  system_ctboard.o(.text)
    __arm_cp.4_4                             0x08000574   Number         4  system_ctboard.o(.text)
    __arm_cp.4_5                             0x08000578   Number         4  system_ctboard.o(.text)
    __arm_cp.4_6                             0x0800057c   Number         4  system_ctboard.o(.text)
    __arm_cp.4_7                             0x08000580   Number         4  system_ctboard.o(.text)
    __arm_cp.4_8                             0x08000584   Number         4  system_ctboard.o(.text)
    __arm_cp.4_9                             0x08000588   Number         4  system_ctboard.o(.text)
    init_LCD                                 0x0800058d   Thumb Code    32  system_ctboard.o(.text)
    __arm_cp.5_0                             0x080005ac   Number         4  system_ctboard.o(.text)
    [Anonymous Symbol]                       0x080005d4   Section        0  hal_fmc.o(.text)
    __arm_cp.0_0                             0x08000698   Number         4  hal_fmc.o(.text)
    __arm_cp.0_1                             0x0800069c   Number         4  hal_fmc.o(.text)
    __arm_cp.0_2                             0x080006a0   Number         4  hal_fmc.o(.text)
    __arm_cp.0_3                             0x080006a4   Number         4  hal_fmc.o(.text)
    __arm_cp.0_4                             0x080006a8   Number         4  hal_fmc.o(.text)
    __arm_cp.0_5                             0x080006ac   Number         4  hal_fmc.o(.text)
    __arm_cp.0_6                             0x080006b0   Number         4  hal_fmc.o(.text)
    __arm_cp.0_7                             0x080006b4   Number         4  hal_fmc.o(.text)
    __arm_cp.0_8                             0x080006b8   Number         4  hal_fmc.o(.text)
    __arm_cp.0_9                             0x080006bc   Number         4  hal_fmc.o(.text)
    __arm_cp.0_10                            0x080006c0   Number         4  hal_fmc.o(.text)
    __arm_cp.0_11                            0x080006c4   Number         4  hal_fmc.o(.text)
    __arm_cp.1_0                             0x08000954   Number         4  hal_fmc.o(.text)
    __arm_cp.1_1                             0x08000958   Number         4  hal_fmc.o(.text)
    __arm_cp.1_2                             0x0800095c   Number         4  hal_fmc.o(.text)
    __arm_cp.1_3                             0x08000960   Number         4  hal_fmc.o(.text)
    __arm_cp.1_4                             0x08000964   Number         4  hal_fmc.o(.text)
    __arm_cp.1_5                             0x08000968   Number         4  hal_fmc.o(.text)
    __arm_cp.1_6                             0x0800096c   Number         4  hal_fmc.o(.text)
    __arm_cp.1_7                             0x08000970   Number         4  hal_fmc.o(.text)
    __arm_cp.1_8                             0x08000974   Number         4  hal_fmc.o(.text)
    [Anonymous Symbol]                       0x08000978   Section        0  hal_gpio.o(.text)
    __arm_cp.0_0                             0x080009e8   Number         4  hal_gpio.o(.text)
    __arm_cp.0_1                             0x080009ec   Number         4  hal_gpio.o(.text)
    intercept_overwrite_register             0x08000a6d   Thumb Code    48  hal_gpio.o(.text)
    __arm_cp.2_0                             0x08000a9c   Number         4  hal_gpio.o(.text)
    __arm_cp.2_1                             0x08000aa0   Number         4  hal_gpio.o(.text)
    __arm_cp.2_2                             0x08000aa4   Number         4  hal_gpio.o(.text)
    create_pattern_mask                      0x08000aa9   Thumb Code   156  hal_gpio.o(.text)
    __arm_cp.13_0                            0x08001158   Number         4  hal_gpio.o(.text)
    __arm_cp.13_1                            0x0800115c   Number         4  hal_gpio.o(.text)
    __arm_cp.13_2                            0x08001160   Number         4  hal_gpio.o(.text)
    __arm_cp.13_3                            0x08001164   Number         4  hal_gpio.o(.text)
    __arm_cp.13_4                            0x08001168   Number         4  hal_gpio.o(.text)
    __arm_cp.13_5                            0x0800116c   Number         4  hal_gpio.o(.text)
    __arm_cp.13_6                            0x08001170   Number         4  hal_gpio.o(.text)
    __arm_cp.13_7                            0x08001174   Number         4  hal_gpio.o(.text)
    __arm_cp.13_8                            0x08001178   Number         4  hal_gpio.o(.text)
    __arm_cp.13_9                            0x0800117c   Number         4  hal_gpio.o(.text)
    __arm_cp.13_10                           0x08001180   Number         4  hal_gpio.o(.text)
    __arm_cp.13_11                           0x08001184   Number         4  hal_gpio.o(.text)
    __arm_cp.13_12                           0x08001188   Number         4  hal_gpio.o(.text)
    get_syscfg_mask                          0x0800118d   Thumb Code   232  hal_gpio.o(.text)
    __arm_cp.14_0                            0x08001274   Number         4  hal_gpio.o(.text)
    __arm_cp.14_1                            0x08001278   Number         4  hal_gpio.o(.text)
    __arm_cp.14_2                            0x0800127c   Number         4  hal_gpio.o(.text)
    __arm_cp.14_3                            0x08001280   Number         4  hal_gpio.o(.text)
    __arm_cp.14_4                            0x08001284   Number         4  hal_gpio.o(.text)
    __arm_cp.14_5                            0x08001288   Number         4  hal_gpio.o(.text)
    __arm_cp.14_6                            0x0800128c   Number         4  hal_gpio.o(.text)
    __arm_cp.14_7                            0x08001290   Number         4  hal_gpio.o(.text)
    __arm_cp.14_8                            0x08001294   Number         4  hal_gpio.o(.text)
    __arm_cp.14_9                            0x08001298   Number         4  hal_gpio.o(.text)
    __arm_cp.15_0                            0x080012dc   Number         4  hal_gpio.o(.text)
    __arm_cp.15_1                            0x080012e0   Number         4  hal_gpio.o(.text)
    __arm_cp.16_0                            0x080012fc   Number         4  hal_gpio.o(.text)
    [Anonymous Symbol]                       0x08001300   Section        0  hal_pwr.o(.text)
    __arm_cp.0_0                             0x08001310   Number         4  hal_pwr.o(.text)
    __arm_cp.0_1                             0x08001314   Number         4  hal_pwr.o(.text)
    __arm_cp.1_0                             0x080013ac   Number         4  hal_pwr.o(.text)
    __arm_cp.2_0                             0x080013dc   Number         4  hal_pwr.o(.text)
    __arm_cp.3_0                             0x0800140c   Number         4  hal_pwr.o(.text)
    __arm_cp.4_0                             0x0800143c   Number         4  hal_pwr.o(.text)
    [Anonymous Symbol]                       0x08001458   Section        0  hal_rcc.o(.text)
    __arm_cp.0_0                             0x080014ec   Number         4  hal_rcc.o(.text)
    __arm_cp.0_1                             0x080014f0   Number         4  hal_rcc.o(.text)
    __arm_cp.0_2                             0x080014f4   Number         4  hal_rcc.o(.text)
    __arm_cp.0_3                             0x080014f8   Number         4  hal_rcc.o(.text)
    __arm_cp.0_4                             0x080014fc   Number         4  hal_rcc.o(.text)
    __arm_cp.0_5                             0x08001500   Number         4  hal_rcc.o(.text)
    __arm_cp.0_6                             0x08001504   Number         4  hal_rcc.o(.text)
    __arm_cp.0_7                             0x08001508   Number         4  hal_rcc.o(.text)
    __arm_cp.0_8                             0x0800150c   Number         4  hal_rcc.o(.text)
    __arm_cp.0_9                             0x08001510   Number         4  hal_rcc.o(.text)
    __arm_cp.0_10                            0x08001514   Number         4  hal_rcc.o(.text)
    __arm_cp.0_11                            0x08001518   Number         4  hal_rcc.o(.text)
    __arm_cp.0_12                            0x0800151c   Number         4  hal_rcc.o(.text)
    __arm_cp.0_13                            0x08001520   Number         4  hal_rcc.o(.text)
    __arm_cp.0_14                            0x08001524   Number         4  hal_rcc.o(.text)
    __arm_cp.0_15                            0x08001528   Number         4  hal_rcc.o(.text)
    __arm_cp.0_16                            0x0800152c   Number         4  hal_rcc.o(.text)
    __arm_cp.0_17                            0x08001530   Number         4  hal_rcc.o(.text)
    __arm_cp.0_18                            0x08001534   Number         4  hal_rcc.o(.text)
    __arm_cp.0_19                            0x08001538   Number         4  hal_rcc.o(.text)
    __arm_cp.0_20                            0x0800153c   Number         4  hal_rcc.o(.text)
    __arm_cp.0_21                            0x08001540   Number         4  hal_rcc.o(.text)
    __arm_cp.0_22                            0x08001544   Number         4  hal_rcc.o(.text)
    __arm_cp.0_23                            0x08001548   Number         4  hal_rcc.o(.text)
    __arm_cp.0_24                            0x0800154c   Number         4  hal_rcc.o(.text)
    __arm_cp.0_25                            0x08001550   Number         4  hal_rcc.o(.text)
    __arm_cp.0_26                            0x08001554   Number         4  hal_rcc.o(.text)
    __arm_cp.0_27                            0x08001558   Number         4  hal_rcc.o(.text)
    __arm_cp.0_28                            0x0800155c   Number         4  hal_rcc.o(.text)
    __arm_cp.0_29                            0x08001560   Number         4  hal_rcc.o(.text)
    __arm_cp.0_30                            0x08001564   Number         4  hal_rcc.o(.text)
    __arm_cp.0_31                            0x08001568   Number         4  hal_rcc.o(.text)
    __arm_cp.1_0                             0x08001738   Number         4  hal_rcc.o(.text)
    __arm_cp.1_1                             0x0800173c   Number         4  hal_rcc.o(.text)
    __arm_cp.1_2                             0x08001740   Number         4  hal_rcc.o(.text)
    __arm_cp.1_3                             0x08001744   Number         4  hal_rcc.o(.text)
    __arm_cp.1_4                             0x08001748   Number         4  hal_rcc.o(.text)
    __arm_cp.1_5                             0x0800174c   Number         4  hal_rcc.o(.text)
    __arm_cp.2_0                             0x08001840   Number         4  hal_rcc.o(.text)
    __arm_cp.2_1                             0x08001844   Number         4  hal_rcc.o(.text)
    __arm_cp.2_2                             0x08001848   Number         4  hal_rcc.o(.text)
    __arm_cp.3_0                             0x08001a6c   Number         4  hal_rcc.o(.text)
    __arm_cp.3_1                             0x08001a70   Number         4  hal_rcc.o(.text)
    __arm_cp.3_2                             0x08001a74   Number         4  hal_rcc.o(.text)
    __arm_cp.3_3                             0x08001a78   Number         4  hal_rcc.o(.text)
    __arm_cp.3_4                             0x08001a7c   Number         4  hal_rcc.o(.text)
    __arm_cp.3_5                             0x08001a80   Number         4  hal_rcc.o(.text)
    __arm_cp.3_6                             0x08001a84   Number         4  hal_rcc.o(.text)
    __arm_cp.3_7                             0x08001a88   Number         4  hal_rcc.o(.text)
    __arm_cp.4_0                             0x08001c00   Number         4  hal_rcc.o(.text)
    __arm_cp.4_1                             0x08001c04   Number         4  hal_rcc.o(.text)
    __arm_cp.4_2                             0x08001c08   Number         4  hal_rcc.o(.text)
    __arm_cp.4_3                             0x08001c0c   Number         4  hal_rcc.o(.text)
    [Anonymous Symbol]                       0x08001c10   Section        0  hal_timer.o(.text)
    __arm_cp.0_0                             0x08001d64   Number         4  hal_timer.o(.text)
    __arm_cp.0_1                             0x08001d68   Number         4  hal_timer.o(.text)
    __arm_cp.0_2                             0x08001d6c   Number         4  hal_timer.o(.text)
    __arm_cp.0_3                             0x08001d70   Number         4  hal_timer.o(.text)
    get_irq_param                            0x08001d75   Thumb Code   796  hal_timer.o(.text)
    __arm_cp.1_0                             0x08002090   Number         4  hal_timer.o(.text)
    __arm_cp.1_1                             0x08002094   Number         4  hal_timer.o(.text)
    __arm_cp.1_2                             0x08002098   Number         4  hal_timer.o(.text)
    __arm_cp.1_3                             0x0800209c   Number         4  hal_timer.o(.text)
    __arm_cp.1_4                             0x080020a0   Number         4  hal_timer.o(.text)
    __arm_cp.1_5                             0x080020a4   Number         4  hal_timer.o(.text)
    __arm_cp.1_6                             0x080020a8   Number         4  hal_timer.o(.text)
    __arm_cp.1_7                             0x080020ac   Number         4  hal_timer.o(.text)
    __arm_cp.1_8                             0x080020b0   Number         4  hal_timer.o(.text)
    __arm_cp.1_9                             0x080020b4   Number         4  hal_timer.o(.text)
    __arm_cp.1_10                            0x080020b8   Number         4  hal_timer.o(.text)
    __arm_cp.1_11                            0x080020bc   Number         4  hal_timer.o(.text)
    __arm_cp.1_12                            0x080020c0   Number         4  hal_timer.o(.text)
    __arm_cp.1_13                            0x080020c4   Number         4  hal_timer.o(.text)
    __arm_cp.1_14                            0x080020c8   Number         4  hal_timer.o(.text)
    __arm_cp.1_15                            0x080020cc   Number         4  hal_timer.o(.text)
    __arm_cp.2_0                             0x08002164   Number         4  hal_timer.o(.text)
    set_channel_ccreg                        0x08002231   Thumb Code   356  hal_timer.o(.text)
    __arm_cp.5_0                             0x08002394   Number         4  hal_timer.o(.text)
    __arm_cp.5_1                             0x08002398   Number         4  hal_timer.o(.text)
    __arm_cp.5_2                             0x0800239c   Number         4  hal_timer.o(.text)
    set_channel_polarity                     0x080023a1   Thumb Code    92  hal_timer.o(.text)
    __arm_cp.8_0                             0x080024c8   Number         4  hal_timer.o(.text)
    __arm_cp.8_1                             0x080024cc   Number         4  hal_timer.o(.text)
    __arm_cp.9_0                             0x0800258c   Number         4  hal_timer.o(.text)
    adv_main_output_set                      0x08002591   Thumb Code    46  hal_timer.o(.text)
    __arm_cp.13_0                            0x08002670   Number         4  hal_timer.o(.text)
    __arm_cp.13_1                            0x08002674   Number         4  hal_timer.o(.text)
    __arm_cp.13_2                            0x08002678   Number         4  hal_timer.o(.text)
    __arm_cp.13_3                            0x0800267c   Number         4  hal_timer.o(.text)
    __arm_cp.17_0                            0x0800272c   Number         4  hal_timer.o(.text)
    __arm_cp.18_0                            0x08002764   Number         4  hal_timer.o(.text)
    __arm_cp.19_0                            0x080027ac   Number         4  hal_timer.o(.text)
    __arm_cp.20_0                            0x08002868   Number         4  hal_timer.o(.text)
    .text                                    0x0800286c   Section        2  use_no_semi_2.o(.text)
    .text                                    0x08002870   Section        0  assert.o(.text)
    .text                                    0x080028ec   Section      364  aeabi_sdiv.o(.text)
    .text                                    0x08002a58   Section        2  use_no_semi.o(.text)
    .text                                    0x08002a5a   Section        0  abort.o(.text)
    .text                                    0x08002a6e   Section        0  assert_puts.o(.text)
    .text                                    0x08002a82   Section        0  defsig_abrt_outer.o(.text)
    .text                                    0x08002a8e   Section        0  exit.o(.text)
    .text                                    0x08002a9e   Section        0  defsig_exit.o(.text)
    .text                                    0x08002aac   Section        0  defsig_abrt_inner.o(.text)
    .text                                    0x08002adc   Section        0  defsig_general.o(.text)
    [Anonymous Symbol]                       0x08002b10   Section        0  hal_fmc.o(.rodata.str1.1)
    [Anonymous Symbol]                       0x08002ba8   Section        0  hal_rcc.o(.rodata.str1.1)
    [Anonymous Symbol]                       0x08002d18   Section        0  hal_timer.o(.rodata.str1.1)
    timer_count                              0x20000000   Data           2  timer.o(.bss.timer_count)
    [Anonymous Symbol]                       0x20000000   Section        0  timer.o(.bss.timer_count)
    STACK                                    0x20000008   Section     8192  startup_ctboard.o(STACK)
    __initial_sp                             0x20002008   Data           0  startup_ctboard.o(STACK)

    Global Symbols

    Symbol Name                              Value     Ov Type        Size  Object(Section)

    BuildAttributes$$THM_ISAv3M$S$PE$A:L22$X:L11$S22$IEEE1$IW$~IW$USESV6$~STKCKD$USESV7$WCHAR32$ENUMINT$~SHL$OSPACE$ROPI$EBA8$UX$STANDARDLIB$REQ8$PRES8$EABIv2 0x00000000   Number         0  anon$$obj.o ABSOLUTE
    __ARM_exceptions_init                     - Undefined Weak Reference
    __alloca_initialize                       - Undefined Weak Reference
    __arm_preinit_                            - Undefined Weak Reference
    __arm_relocate_pie_                       - Undefined Weak Reference
    __cpp_initialize__aeabi_                  - Undefined Weak Reference
    __cxa_finalize                            - Undefined Weak Reference
    __rt_locale                               - Undefined Weak Reference
    __sigvec_lookup                           - Undefined Weak Reference
    _atexit_init                              - Undefined Weak Reference
    _call_atexit_fns                          - Undefined Weak Reference
    _clock_init                               - Undefined Weak Reference
    _fp_trap_init                             - Undefined Weak Reference
    _fp_trap_shutdown                         - Undefined Weak Reference
    _get_lc_collate                           - Undefined Weak Reference
    _get_lc_ctype                             - Undefined Weak Reference
    _get_lc_monetary                          - Undefined Weak Reference
    _get_lc_numeric                           - Undefined Weak Reference
    _get_lc_time                              - Undefined Weak Reference
    _getenv_init                              - Undefined Weak Reference
    _handle_redirection                       - Undefined Weak Reference
    _init_alloc                               - Undefined Weak Reference
    _init_user_alloc                          - Undefined Weak Reference
    _initio                                   - Undefined Weak Reference
    _rand_init                                - Undefined Weak Reference
    _signal_finish                            - Undefined Weak Reference
    _signal_init                              - Undefined Weak Reference
    _terminate_alloc                          - Undefined Weak Reference
    _terminate_user_alloc                     - Undefined Weak Reference
    _terminateio                              - Undefined Weak Reference
    __Vectors_Size                           0x000001ac   Number         0  startup_ctboard.o ABSOLUTE
    Stack_Size                               0x00002000   Number         0  startup_ctboard.o ABSOLUTE
    __Vectors                                0x08000000   Data           4  startup_ctboard.o(RESET)
    __Vectors_End                            0x080001ac   Data           0  startup_ctboard.o(RESET)
    __scatterload                            0x080001ad   Thumb Code     0  __scatter.o(!!!scatter)
    __scatterload_rt2                        0x080001ad   Thumb Code    52  __scatter.o(!!!scatter)
    __scatterload_rt2_thumb_only             0x080001ad   Thumb Code     0  __scatter.o(!!!scatter)
    __scatterload_null                       0x080001bd   Thumb Code     0  __scatter.o(!!!scatter)
    __scatterload_zeroinit                   0x080001e9   Thumb Code    28  __scatter_zi.o(!!handler_zi)
    __rt_lib_init                            0x08000205   Thumb Code     0  libinit.o(.ARM.Collect$$libinit$$00000000)
    __rt_lib_init_alloca_1                   0x08000207   Thumb Code     0  libinit2.o(.ARM.Collect$$libinit$$00000030)
    __rt_lib_init_argv_1                     0x08000207   Thumb Code     0  libinit2.o(.ARM.Collect$$libinit$$0000002E)
    __rt_lib_init_atexit_1                   0x08000207   Thumb Code     0  libinit2.o(.ARM.Collect$$libinit$$0000001D)
    __rt_lib_init_clock_1                    0x08000207   Thumb Code     0  libinit2.o(.ARM.Collect$$libinit$$00000023)
    __rt_lib_init_cpp_1                      0x08000207   Thumb Code     0  libinit2.o(.ARM.Collect$$libinit$$00000034)
    __rt_lib_init_exceptions_1               0x08000207   Thumb Code     0  libinit2.o(.ARM.Collect$$libinit$$00000032)
    __rt_lib_init_fp_1                       0x08000207   Thumb Code     0  libinit2.o(.ARM.Collect$$libinit$$00000002)
    __rt_lib_init_fp_trap_1                  0x08000207   Thumb Code     0  libinit2.o(.ARM.Collect$$libinit$$00000021)
    __rt_lib_init_getenv_1                   0x08000207   Thumb Code     0  libinit2.o(.ARM.Collect$$libinit$$00000025)
    __rt_lib_init_heap_1                     0x08000207   Thumb Code     0  libinit2.o(.ARM.Collect$$libinit$$0000000C)
    __rt_lib_init_lc_collate_1               0x08000207   Thumb Code     0  libinit2.o(.ARM.Collect$$libinit$$00000013)
    __rt_lib_init_lc_ctype_1                 0x08000207   Thumb Code     0  libinit2.o(.ARM.Collect$$libinit$$00000015)
    __rt_lib_init_lc_monetary_1              0x08000207   Thumb Code     0  libinit2.o(.ARM.Collect$$libinit$$00000017)
    __rt_lib_init_lc_numeric_1               0x08000207   Thumb Code     0  libinit2.o(.ARM.Collect$$libinit$$00000019)
    __rt_lib_init_lc_time_1                  0x08000207   Thumb Code     0  libinit2.o(.ARM.Collect$$libinit$$0000001B)
    __rt_lib_init_preinit_1                  0x08000207   Thumb Code     0  libinit2.o(.ARM.Collect$$libinit$$00000006)
    __rt_lib_init_rand_1                     0x08000207   Thumb Code     0  libinit2.o(.ARM.Collect$$libinit$$00000010)
    __rt_lib_init_relocate_pie_1             0x08000207   Thumb Code     0  libinit2.o(.ARM.Collect$$libinit$$00000004)
    __rt_lib_init_return                     0x08000207   Thumb Code     0  libinit2.o(.ARM.Collect$$libinit$$00000035)
    __rt_lib_init_signal_1                   0x08000207   Thumb Code     0  libinit2.o(.ARM.Collect$$libinit$$0000001F)
    __rt_lib_init_stdio_1                    0x08000207   Thumb Code     0  libinit2.o(.ARM.Collect$$libinit$$00000027)
    __rt_lib_init_user_alloc_1               0x08000207   Thumb Code     0  libinit2.o(.ARM.Collect$$libinit$$0000000E)
    __rt_lib_shutdown                        0x08000209   Thumb Code     0  libshutdown.o(.ARM.Collect$$libshutdown$$00000000)
    __rt_lib_shutdown_cpp_1                  0x0800020b   Thumb Code     0  libshutdown2.o(.ARM.Collect$$libshutdown$$00000002)
    __rt_lib_shutdown_fp_trap_1              0x0800020b   Thumb Code     0  libshutdown2.o(.ARM.Collect$$libshutdown$$00000007)
    __rt_lib_shutdown_heap_1                 0x0800020b   Thumb Code     0  libshutdown2.o(.ARM.Collect$$libshutdown$$0000000F)
    __rt_lib_shutdown_return                 0x0800020b   Thumb Code     0  libshutdown2.o(.ARM.Collect$$libshutdown$$00000010)
    __rt_lib_shutdown_signal_1               0x0800020b   Thumb Code     0  libshutdown2.o(.ARM.Collect$$libshutdown$$0000000A)
    __rt_lib_shutdown_stdio_1                0x0800020b   Thumb Code     0  libshutdown2.o(.ARM.Collect$$libshutdown$$00000004)
    __rt_lib_shutdown_user_alloc_1           0x0800020b   Thumb Code     0  libshutdown2.o(.ARM.Collect$$libshutdown$$0000000C)
    __rt_entry                               0x0800020d   Thumb Code     0  __rtentry.o(.ARM.Collect$$rtentry$$00000000)
    __rt_entry_presh_1                       0x0800020d   Thumb Code     0  __rtentry2.o(.ARM.Collect$$rtentry$$00000002)
    __rt_entry_sh                            0x0800020d   Thumb Code     0  __rtentry4.o(.ARM.Collect$$rtentry$$00000004)
    __rt_entry_li                            0x08000213   Thumb Code     0  __rtentry2.o(.ARM.Collect$$rtentry$$0000000A)
    __rt_entry_postsh_1                      0x08000213   Thumb Code     0  __rtentry2.o(.ARM.Collect$$rtentry$$00000009)
    __rt_entry_main                          0x08000217   Thumb Code     0  __rtentry2.o(.ARM.Collect$$rtentry$$0000000D)
    __rt_entry_postli_1                      0x08000217   Thumb Code     0  __rtentry2.o(.ARM.Collect$$rtentry$$0000000C)
    __rt_exit                                0x0800021f   Thumb Code     0  rtexit.o(.ARM.Collect$$rtexit$$00000000)
    __rt_exit_ls                             0x08000221   Thumb Code     0  rtexit2.o(.ARM.Collect$$rtexit$$00000003)
    __rt_exit_prels_1                        0x08000221   Thumb Code     0  rtexit2.o(.ARM.Collect$$rtexit$$00000002)
    __rt_exit_exit                           0x08000225   Thumb Code     0  rtexit2.o(.ARM.Collect$$rtexit$$00000004)
    main                                     0x0800022d   Thumb Code     4  main.o(.text)
    TIM4_IRQHandler                          0x08000231   Thumb Code    48  timer.o(.text)
    timer_init                               0x08000269   Thumb Code    72  timer.o(.text)
    timer_start                              0x080002bd   Thumb Code    16  timer.o(.text)
    timer_stop                               0x080002d1   Thumb Code     8  timer.o(.text)
    timer_read                               0x080002dd   Thumb Code     8  timer.o(.text)
    __main                                   0x080002e9   Thumb Code     8  datainit_ctboard.o(.text)
    __user_setup_stackheap                   0x080002f1   Thumb Code    16  datainit_ctboard.o(.text)
    Reset_Handler                            0x08000311   Thumb Code     8  startup_ctboard.o(.text)
    NMI_Handler                              0x08000319   Thumb Code     2  startup_ctboard.o(.text)
    HardFault_Handler                        0x0800031b   Thumb Code     2  startup_ctboard.o(.text)
    MemManage_Handler                        0x0800031d   Thumb Code     2  startup_ctboard.o(.text)
    BusFault_Handler                         0x0800031f   Thumb Code     2  startup_ctboard.o(.text)
    UsageFault_Handler                       0x08000321   Thumb Code     2  startup_ctboard.o(.text)
    SVC_Handler                              0x08000323   Thumb Code     2  startup_ctboard.o(.text)
    DebugMon_Handler                         0x08000325   Thumb Code     2  startup_ctboard.o(.text)
    PendSV_Handler                           0x08000327   Thumb Code     2  startup_ctboard.o(.text)
    SysTick_Handler                          0x08000329   Thumb Code     2  startup_ctboard.o(.text)
    ADC_IRQHandler                           0x0800032b   Thumb Code     0  startup_ctboard.o(.text)
    CAN1_RX0_IRQHandler                      0x0800032b   Thumb Code     0  startup_ctboard.o(.text)
    CAN1_RX1_IRQHandler                      0x0800032b   Thumb Code     0  startup_ctboard.o(.text)
    CAN1_SCE_IRQHandler                      0x0800032b   Thumb Code     0  startup_ctboard.o(.text)
    CAN1_TX_IRQHandler                       0x0800032b   Thumb Code     0  startup_ctboard.o(.text)
    CAN2_RX0_IRQHandler                      0x0800032b   Thumb Code     0  startup_ctboard.o(.text)
    CAN2_RX1_IRQHandler                      0x0800032b   Thumb Code     0  startup_ctboard.o(.text)
    CAN2_SCE_IRQHandler                      0x0800032b   Thumb Code     0  startup_ctboard.o(.text)
    CAN2_TX_IRQHandler                       0x0800032b   Thumb Code     0  startup_ctboard.o(.text)
    CRYP_IRQHandler                          0x0800032b   Thumb Code     0  startup_ctboard.o(.text)
    DCMI_IRQHandler                          0x0800032b   Thumb Code     0  startup_ctboard.o(.text)
    DMA1_Stream0_IRQHandler                  0x0800032b   Thumb Code     0  startup_ctboard.o(.text)
    DMA1_Stream1_IRQHandler                  0x0800032b   Thumb Code     0  startup_ctboard.o(.text)
    DMA1_Stream2_IRQHandler                  0x0800032b   Thumb Code     0  startup_ctboard.o(.text)
    DMA1_Stream3_IRQHandler                  0x0800032b   Thumb Code     0  startup_ctboard.o(.text)
    DMA1_Stream4_IRQHandler                  0x0800032b   Thumb Code     0  startup_ctboard.o(.text)
    DMA1_Stream5_IRQHandler                  0x0800032b   Thumb Code     0  startup_ctboard.o(.text)
    DMA1_Stream6_IRQHandler                  0x0800032b   Thumb Code     0  startup_ctboard.o(.text)
    DMA1_Stream7_IRQHandler                  0x0800032b   Thumb Code     0  startup_ctboard.o(.text)
    DMA2D_IRQHandler                         0x0800032b   Thumb Code     0  startup_ctboard.o(.text)
    DMA2_Stream0_IRQHandler                  0x0800032b   Thumb Code     0  startup_ctboard.o(.text)
    DMA2_Stream1_IRQHandler                  0x0800032b   Thumb Code     0  startup_ctboard.o(.text)
    DMA2_Stream2_IRQHandler                  0x0800032b   Thumb Code     0  startup_ctboard.o(.text)
    DMA2_Stream3_IRQHandler                  0x0800032b   Thumb Code     0  startup_ctboard.o(.text)
    DMA2_Stream4_IRQHandler                  0x0800032b   Thumb Code     0  startup_ctboard.o(.text)
    DMA2_Stream5_IRQHandler                  0x0800032b   Thumb Code     0  startup_ctboard.o(.text)
    DMA2_Stream6_IRQHandler                  0x0800032b   Thumb Code     0  startup_ctboard.o(.text)
    DMA2_Stream7_IRQHandler                  0x0800032b   Thumb Code     0  startup_ctboard.o(.text)
    ETH_IRQHandler                           0x0800032b   Thumb Code     0  startup_ctboard.o(.text)
    ETH_WKUP_IRQHandler                      0x0800032b   Thumb Code     0  startup_ctboard.o(.text)
    EXTI0_IRQHandler                         0x0800032b   Thumb Code     0  startup_ctboard.o(.text)
    EXTI15_10_IRQHandler                     0x0800032b   Thumb Code     0  startup_ctboard.o(.text)
    EXTI1_IRQHandler                         0x0800032b   Thumb Code     0  startup_ctboard.o(.text)
    EXTI2_IRQHandler                         0x0800032b   Thumb Code     0  startup_ctboard.o(.text)
    EXTI3_IRQHandler                         0x0800032b   Thumb Code     0  startup_ctboard.o(.text)
    EXTI4_IRQHandler                         0x0800032b   Thumb Code     0  startup_ctboard.o(.text)
    EXTI9_5_IRQHandler                       0x0800032b   Thumb Code     0  startup_ctboard.o(.text)
    FLASH_IRQHandler                         0x0800032b   Thumb Code     0  startup_ctboard.o(.text)
    FMC_IRQHandler                           0x0800032b   Thumb Code     0  startup_ctboard.o(.text)
    FPU_IRQHandler                           0x0800032b   Thumb Code     0  startup_ctboard.o(.text)
    HASH_RNG_IRQHandler                      0x0800032b   Thumb Code     0  startup_ctboard.o(.text)
    I2C1_ER_IRQHandler                       0x0800032b   Thumb Code     0  startup_ctboard.o(.text)
    I2C1_EV_IRQHandler                       0x0800032b   Thumb Code     0  startup_ctboard.o(.text)
    I2C2_ER_IRQHandler                       0x0800032b   Thumb Code     0  startup_ctboard.o(.text)
    I2C2_EV_IRQHandler                       0x0800032b   Thumb Code     0  startup_ctboard.o(.text)
    I2C3_ER_IRQHandler                       0x0800032b   Thumb Code     0  startup_ctboard.o(.text)
    I2C3_EV_IRQHandler                       0x0800032b   Thumb Code     0  startup_ctboard.o(.text)
    LTDC_ER_IRQHandler                       0x0800032b   Thumb Code     0  startup_ctboard.o(.text)
    LTDC_IRQHandler                          0x0800032b   Thumb Code     0  startup_ctboard.o(.text)
    OTG_FS_IRQHandler                        0x0800032b   Thumb Code     0  startup_ctboard.o(.text)
    OTG_FS_WKUP_IRQHandler                   0x0800032b   Thumb Code     0  startup_ctboard.o(.text)
    OTG_HS_EP1_IN_IRQHandler                 0x0800032b   Thumb Code     0  startup_ctboard.o(.text)
    OTG_HS_EP1_OUT_IRQHandler                0x0800032b   Thumb Code     0  startup_ctboard.o(.text)
    OTG_HS_IRQHandler                        0x0800032b   Thumb Code     0  startup_ctboard.o(.text)
    OTG_HS_WKUP_IRQHandler                   0x0800032b   Thumb Code     0  startup_ctboard.o(.text)
    PVD_IRQHandler                           0x0800032b   Thumb Code     0  startup_ctboard.o(.text)
    RCC_IRQHandler                           0x0800032b   Thumb Code     0  startup_ctboard.o(.text)
    RTC_Alarm_IRQHandler                     0x0800032b   Thumb Code     0  startup_ctboard.o(.text)
    RTC_WKUP_IRQHandler                      0x0800032b   Thumb Code     0  startup_ctboard.o(.text)
    SAI1_IRQHandler                          0x0800032b   Thumb Code     0  startup_ctboard.o(.text)
    SDIO_IRQHandler                          0x0800032b   Thumb Code     0  startup_ctboard.o(.text)
    SPI1_IRQHandler                          0x0800032b   Thumb Code     0  startup_ctboard.o(.text)
    SPI2_IRQHandler                          0x0800032b   Thumb Code     0  startup_ctboard.o(.text)
    SPI3_IRQHandler                          0x0800032b   Thumb Code     0  startup_ctboard.o(.text)
    SPI4_IRQHandler                          0x0800032b   Thumb Code     0  startup_ctboard.o(.text)
    SPI5_IRQHandler                          0x0800032b   Thumb Code     0  startup_ctboard.o(.text)
    SPI6_IRQHandler                          0x0800032b   Thumb Code     0  startup_ctboard.o(.text)
    TAMP_STAMP_IRQHandler                    0x0800032b   Thumb Code     0  startup_ctboard.o(.text)
    TIM1_BRK_TIM9_IRQHandler                 0x0800032b   Thumb Code     0  startup_ctboard.o(.text)
    TIM1_CC_IRQHandler                       0x0800032b   Thumb Code     0  startup_ctboard.o(.text)
    TIM1_TRG_COM_TIM11_IRQHandler            0x0800032b   Thumb Code     0  startup_ctboard.o(.text)
    TIM1_UP_TIM10_IRQHandler                 0x0800032b   Thumb Code     0  startup_ctboard.o(.text)
    TIM2_IRQHandler                          0x0800032b   Thumb Code     0  startup_ctboard.o(.text)
    TIM3_IRQHandler                          0x0800032b   Thumb Code     0  startup_ctboard.o(.text)
    TIM5_IRQHandler                          0x0800032b   Thumb Code     0  startup_ctboard.o(.text)
    TIM6_DAC_IRQHandler                      0x0800032b   Thumb Code     0  startup_ctboard.o(.text)
    TIM7_IRQHandler                          0x0800032b   Thumb Code     0  startup_ctboard.o(.text)
    TIM8_BRK_TIM12_IRQHandler                0x0800032b   Thumb Code     0  startup_ctboard.o(.text)
    TIM8_CC_IRQHandler                       0x0800032b   Thumb Code     0  startup_ctboard.o(.text)
    TIM8_TRG_COM_TIM14_IRQHandler            0x0800032b   Thumb Code     0  startup_ctboard.o(.text)
    TIM8_UP_TIM13_IRQHandler                 0x0800032b   Thumb Code     0  startup_ctboard.o(.text)
    UART4_IRQHandler                         0x0800032b   Thumb Code     0  startup_ctboard.o(.text)
    UART5_IRQHandler                         0x0800032b   Thumb Code     0  startup_ctboard.o(.text)
    UART7_IRQHandler                         0x0800032b   Thumb Code     0  startup_ctboard.o(.text)
    UART8_IRQHandler                         0x0800032b   Thumb Code     0  startup_ctboard.o(.text)
    USART1_IRQHandler                        0x0800032b   Thumb Code     0  startup_ctboard.o(.text)
    USART2_IRQHandler                        0x0800032b   Thumb Code     0  startup_ctboard.o(.text)
    USART3_IRQHandler                        0x0800032b   Thumb Code     0  startup_ctboard.o(.text)
    USART6_IRQHandler                        0x0800032b   Thumb Code     0  startup_ctboard.o(.text)
    WWDG_IRQHandler                          0x0800032b   Thumb Code     0  startup_ctboard.o(.text)
    __system                                 0x08000335   Thumb Code     8  system_ctboard.o(.text)
    system_enter_run                         0x0800033d   Thumb Code    20  system_ctboard.o(.text)
    system_enter_sleep                       0x080005b1   Thumb Code     2  system_ctboard.o(.text)
    system_enter_stop                        0x080005b3   Thumb Code     2  system_ctboard.o(.text)
    system_enter_standby                     0x080005b5   Thumb Code     2  system_ctboard.o(.text)
    _sys_command_string                      0x080005b7   Thumb Code    12  system_ctboard.o(.text)
    _ttywrch                                 0x080005c3   Thumb Code     8  system_ctboard.o(.text)
    _sys_exit                                0x080005cb   Thumb Code     8  system_ctboard.o(.text)
    hal_fmc_reset                            0x080005d5   Thumb Code   196  hal_fmc.o(.text)
    hal_fmc_init_sram                        0x080006c9   Thumb Code   652  hal_fmc.o(.text)
    hal_gpio_reset                           0x08000979   Thumb Code   112  hal_gpio.o(.text)
    hal_gpio_init_input                      0x080009f1   Thumb Code   122  hal_gpio.o(.text)
    hal_gpio_init_analog                     0x08000b45   Thumb Code    74  hal_gpio.o(.text)
    hal_gpio_init_output                     0x08000b8f   Thumb Code   206  hal_gpio.o(.text)
    hal_gpio_init_alternate                  0x08000c5d   Thumb Code   186  hal_gpio.o(.text)
    hal_gpio_input_read                      0x08000d17   Thumb Code    14  hal_gpio.o(.text)
    hal_gpio_output_read                     0x08000d25   Thumb Code    14  hal_gpio.o(.text)
    hal_gpio_output_write                    0x08000d33   Thumb Code    42  hal_gpio.o(.text)
    hal_gpio_bit_set                         0x08000d5d   Thumb Code    54  hal_gpio.o(.text)
    hal_gpio_bit_reset                       0x08000d93   Thumb Code    54  hal_gpio.o(.text)
    hal_gpio_bit_toggle                      0x08000dc9   Thumb Code    78  hal_gpio.o(.text)
    hal_gpio_irq_set                         0x08000e19   Thumb Code   832  hal_gpio.o(.text)
    hal_gpio_irq_status                      0x0800129d   Thumb Code    64  hal_gpio.o(.text)
    hal_gpio_irq_clear                       0x080012e5   Thumb Code    24  hal_gpio.o(.text)
    hal_pwr_reset                            0x08001301   Thumb Code    16  hal_pwr.o(.text)
    hal_pwr_set_backup_domain                0x08001319   Thumb Code   148  hal_pwr.o(.text)
    hal_pwr_set_backup_access                0x080013b1   Thumb Code    44  hal_pwr.o(.text)
    hal_pwr_set_wakeup_pin                   0x080013e1   Thumb Code    44  hal_pwr.o(.text)
    hal_pwr_set_flash_powerdown              0x08001411   Thumb Code    44  hal_pwr.o(.text)
    hal_pwr_set_overdrive                    0x08001441   Thumb Code    12  hal_pwr.o(.text)
    hal_pwr_set_underdrive                   0x0800144d   Thumb Code    12  hal_pwr.o(.text)
    hal_rcc_reset                            0x08001459   Thumb Code   148  hal_rcc.o(.text)
    hal_rcc_set_peripheral                   0x0800156d   Thumb Code   460  hal_rcc.o(.text)
    hal_rcc_set_osc                          0x08001751   Thumb Code   240  hal_rcc.o(.text)
    hal_rcc_setup_pll                        0x0800184d   Thumb Code   544  hal_rcc.o(.text)
    hal_rcc_setup_clock                      0x08001a8d   Thumb Code   372  hal_rcc.o(.text)
    hal_timer_reset                          0x08001c11   Thumb Code   340  hal_timer.o(.text)
    hal_timer_init_base                      0x080020d1   Thumb Code   148  hal_timer.o(.text)
    hal_timer_init_clock                     0x08002169   Thumb Code   124  hal_timer.o(.text)
    hal_timer_init_input                     0x080021e5   Thumb Code    74  hal_timer.o(.text)
    hal_timer_channel_set                    0x080023fd   Thumb Code   104  hal_timer.o(.text)
    hal_timer_init_output                    0x08002465   Thumb Code   100  hal_timer.o(.text)
    hal_timer_compare_write                  0x080024d1   Thumb Code   188  hal_timer.o(.text)
    hal_timer_start                          0x080025bf   Thumb Code    18  hal_timer.o(.text)
    hal_timer_stop                           0x080025d1   Thumb Code    18  hal_timer.o(.text)
    hal_timer_irq_set                        0x080025e5   Thumb Code   140  hal_timer.o(.text)
    hal_timer_irq_status                     0x08002681   Thumb Code    58  hal_timer.o(.text)
    hal_timer_dma_set                        0x080026bb   Thumb Code    44  hal_timer.o(.text)
    hal_timer_irq_clear                      0x080026e7   Thumb Code    20  hal_timer.o(.text)
    hal_timer_counter_read                   0x080026fd   Thumb Code    48  hal_timer.o(.text)
    hal_timer_reload_write                   0x08002731   Thumb Code    52  hal_timer.o(.text)
    hal_timer_prescaler_write                0x08002769   Thumb Code    68  hal_timer.o(.text)
    hal_timer_compare_read                   0x080027b1   Thumb Code   184  hal_timer.o(.text)
    __use_no_semihosting                     0x0800286d   Thumb Code     2  use_no_semi_2.o(.text)
    __aeabi_assert                           0x08002871   Thumb Code    82  assert.o(.text)
    __assert                                 0x08002871   Thumb Code     0  assert.o(.text)
    __aeabi_uidiv                            0x080028ed   Thumb Code     0  aeabi_sdiv.o(.text)
    __aeabi_uidivmod                         0x080028ed   Thumb Code    20  aeabi_sdiv.o(.text)
    __aeabi_idiv                             0x08002901   Thumb Code     0  aeabi_sdiv.o(.text)
    __aeabi_idivmod                          0x08002901   Thumb Code   338  aeabi_sdiv.o(.text)
    __semihosting$guard                      0x08002a59   Thumb Code     0  use_no_semi.o(.text)
    __use_no_semihosting_swi                 0x08002a59   Thumb Code     2  use_no_semi.o(.text)
    abort                                    0x08002a5b   Thumb Code    20  abort.o(.text)
    __assert_puts                            0x08002a6f   Thumb Code    20  assert_puts.o(.text)
    __rt_SIGABRT                             0x08002a83   Thumb Code    12  defsig_abrt_outer.o(.text)
    exit                                     0x08002a8f   Thumb Code    16  exit.o(.text)
    __sig_exit                               0x08002a9f   Thumb Code    12  defsig_exit.o(.text)
    __rt_SIGABRT_inner                       0x08002aad   Thumb Code    14  defsig_abrt_inner.o(.text)
    __default_signal_display                 0x08002add   Thumb Code    52  defsig_general.o(.text)
    Region$$Table$$Base                      0x08002eac   Number         0  anon$$obj.o(Region$$Table)
    Region$$Table$$Limit                     0x08002ebc   Number         0  anon$$obj.o(Region$$Table)
    Stack_Mem                                0x20000008   Data        8192  startup_ctboard.o(STACK)



==============================================================================

Memory Map of the image

  Image Entry point : 0x08000311

  Load Region LR_IROM1 (Base: 0x08000000, Size: 0x00002ebc, Max: 0x00200000, ABSOLUTE)

    Execution Region ER_IROM1 (Exec base: 0x08000000, Load base: 0x08000000, Size: 0x00002ebc, Max: 0x00200000, ABSOLUTE)

    Exec Addr    Load Addr    Size         Type   Attr      Idx    E Section Name        Object

    0x08000000   0x08000000   0x000001ac   Data   RO           50    RESET               startup_ctboard.o
    0x080001ac   0x080001ac   0x0000003c   Code   RO          119    !!!scatter          c_pu.l(__scatter.o)
    0x080001e8   0x080001e8   0x0000001c   Code   RO          284    !!handler_zi        c_pu.l(__scatter_zi.o)
    0x08000204   0x08000204   0x00000002   Code   RO          170    .ARM.Collect$$libinit$$00000000  c_pu.l(libinit.o)
    0x08000206   0x08000206   0x00000000   Code   RO          180    .ARM.Collect$$libinit$$00000002  c_pu.l(libinit2.o)
    0x08000206   0x08000206   0x00000000   Code   RO          182    .ARM.Collect$$libinit$$00000004  c_pu.l(libinit2.o)
    0x08000206   0x08000206   0x00000000   Code   RO          184    .ARM.Collect$$libinit$$00000006  c_pu.l(libinit2.o)
    0x08000206   0x08000206   0x00000000   Code   RO          187    .ARM.Collect$$libinit$$0000000C  c_pu.l(libinit2.o)
    0x08000206   0x08000206   0x00000000   Code   RO          189    .ARM.Collect$$libinit$$0000000E  c_pu.l(libinit2.o)
    0x08000206   0x08000206   0x00000000   Code   RO          191    .ARM.Collect$$libinit$$00000010  c_pu.l(libinit2.o)
    0x08000206   0x08000206   0x00000000   Code   RO          194    .ARM.Collect$$libinit$$00000013  c_pu.l(libinit2.o)
    0x08000206   0x08000206   0x00000000   Code   RO          196    .ARM.Collect$$libinit$$00000015  c_pu.l(libinit2.o)
    0x08000206   0x08000206   0x00000000   Code   RO          198    .ARM.Collect$$libinit$$00000017  c_pu.l(libinit2.o)
    0x08000206   0x08000206   0x00000000   Code   RO          200    .ARM.Collect$$libinit$$00000019  c_pu.l(libinit2.o)
    0x08000206   0x08000206   0x00000000   Code   RO          202    .ARM.Collect$$libinit$$0000001B  c_pu.l(libinit2.o)
    0x08000206   0x08000206   0x00000000   Code   RO          204    .ARM.Collect$$libinit$$0000001D  c_pu.l(libinit2.o)
    0x08000206   0x08000206   0x00000000   Code   RO          206    .ARM.Collect$$libinit$$0000001F  c_pu.l(libinit2.o)
    0x08000206   0x08000206   0x00000000   Code   RO          208    .ARM.Collect$$libinit$$00000021  c_pu.l(libinit2.o)
    0x08000206   0x08000206   0x00000000   Code   RO          210    .ARM.Collect$$libinit$$00000023  c_pu.l(libinit2.o)
    0x08000206   0x08000206   0x00000000   Code   RO          212    .ARM.Collect$$libinit$$00000025  c_pu.l(libinit2.o)
    0x08000206   0x08000206   0x00000000   Code   RO          214    .ARM.Collect$$libinit$$00000027  c_pu.l(libinit2.o)
    0x08000206   0x08000206   0x00000000   Code   RO          218    .ARM.Collect$$libinit$$0000002E  c_pu.l(libinit2.o)
    0x08000206   0x08000206   0x00000000   Code   RO          220    .ARM.Collect$$libinit$$00000030  c_pu.l(libinit2.o)
    0x08000206   0x08000206   0x00000000   Code   RO          222    .ARM.Collect$$libinit$$00000032  c_pu.l(libinit2.o)
    0x08000206   0x08000206   0x00000000   Code   RO          224    .ARM.Collect$$libinit$$00000034  c_pu.l(libinit2.o)
    0x08000206   0x08000206   0x00000002   Code   RO          225    .ARM.Collect$$libinit$$00000035  c_pu.l(libinit2.o)
    0x08000208   0x08000208   0x00000002   Code   RO          259    .ARM.Collect$$libshutdown$$00000000  c_pu.l(libshutdown.o)
    0x0800020a   0x0800020a   0x00000000   Code   RO          267    .ARM.Collect$$libshutdown$$00000002  c_pu.l(libshutdown2.o)
    0x0800020a   0x0800020a   0x00000000   Code   RO          269    .ARM.Collect$$libshutdown$$00000004  c_pu.l(libshutdown2.o)
    0x0800020a   0x0800020a   0x00000000   Code   RO          272    .ARM.Collect$$libshutdown$$00000007  c_pu.l(libshutdown2.o)
    0x0800020a   0x0800020a   0x00000000   Code   RO          275    .ARM.Collect$$libshutdown$$0000000A  c_pu.l(libshutdown2.o)
    0x0800020a   0x0800020a   0x00000000   Code   RO          277    .ARM.Collect$$libshutdown$$0000000C  c_pu.l(libshutdown2.o)
    0x0800020a   0x0800020a   0x00000000   Code   RO          280    .ARM.Collect$$libshutdown$$0000000F  c_pu.l(libshutdown2.o)
    0x0800020a   0x0800020a   0x00000002   Code   RO          281    .ARM.Collect$$libshutdown$$00000010  c_pu.l(libshutdown2.o)
    0x0800020c   0x0800020c   0x00000000   Code   RO          123    .ARM.Collect$$rtentry$$00000000  c_pu.l(__rtentry.o)
    0x0800020c   0x0800020c   0x00000000   Code   RO          133    .ARM.Collect$$rtentry$$00000002  c_pu.l(__rtentry2.o)
    0x0800020c   0x0800020c   0x00000006   Code   RO          145    .ARM.Collect$$rtentry$$00000004  c_pu.l(__rtentry4.o)
    0x08000212   0x08000212   0x00000000   Code   RO          135    .ARM.Collect$$rtentry$$00000009  c_pu.l(__rtentry2.o)
    0x08000212   0x08000212   0x00000004   Code   RO          136    .ARM.Collect$$rtentry$$0000000A  c_pu.l(__rtentry2.o)
    0x08000216   0x08000216   0x00000000   Code   RO          138    .ARM.Collect$$rtentry$$0000000C  c_pu.l(__rtentry2.o)
    0x08000216   0x08000216   0x00000008   Code   RO          139    .ARM.Collect$$rtentry$$0000000D  c_pu.l(__rtentry2.o)
    0x0800021e   0x0800021e   0x00000002   Code   RO          171    .ARM.Collect$$rtexit$$00000000  c_pu.l(rtexit.o)
    0x08000220   0x08000220   0x00000000   Code   RO          227    .ARM.Collect$$rtexit$$00000002  c_pu.l(rtexit2.o)
    0x08000220   0x08000220   0x00000004   Code   RO          228    .ARM.Collect$$rtexit$$00000003  c_pu.l(rtexit2.o)
    0x08000224   0x08000224   0x00000006   Code   RO          229    .ARM.Collect$$rtexit$$00000004  c_pu.l(rtexit2.o)
    0x0800022a   0x0800022a   0x00000002   PAD
    0x0800022c   0x0800022c   0x00000004   Code   RO            1    .text               main.o
    0x08000230   0x08000230   0x000000b8   Code   RO           34    .text               timer.o
    0x080002e8   0x080002e8   0x00000028   Code   RO           42    .text               datainit_ctboard.o
    0x08000310   0x08000310   0x00000024   Code   RO           51  * .text               startup_ctboard.o
    0x08000334   0x08000334   0x0000029e   Code   RO           55    .text               system_ctboard.o
    0x080005d2   0x080005d2   0x00000002   PAD
    0x080005d4   0x080005d4   0x000003a4   Code   RO           70    .text               hal_fmc.o
    0x08000978   0x08000978   0x00000988   Code   RO           78    .text               hal_gpio.o
    0x08001300   0x08001300   0x00000158   Code   RO           85    .text               hal_pwr.o
    0x08001458   0x08001458   0x000007b8   Code   RO           92    .text               hal_rcc.o
    0x08001c10   0x08001c10   0x00000c5c   Code   RO          100    .text               hal_timer.o
    0x0800286c   0x0800286c   0x00000002   Code   RO          111    .text               c_pu.l(use_no_semi_2.o)
    0x0800286e   0x0800286e   0x00000002   PAD
    0x08002870   0x08002870   0x0000007c   Code   RO          113    .text               c_pu.l(assert.o)
    0x080028ec   0x080028ec   0x0000016c   Code   RO          115    .text               c_pu.l(aeabi_sdiv.o)
    0x08002a58   0x08002a58   0x00000002   Code   RO          121    .text               c_pu.l(use_no_semi.o)
    0x08002a5a   0x08002a5a   0x00000014   Code   RO          128    .text               c_pu.l(abort.o)
    0x08002a6e   0x08002a6e   0x00000014   Code   RO          130    .text               c_pu.l(assert_puts.o)
    0x08002a82   0x08002a82   0x0000000c   Code   RO          149    .text               c_pu.l(defsig_abrt_outer.o)
    0x08002a8e   0x08002a8e   0x00000010   Code   RO          155    .text               c_pu.l(exit.o)
    0x08002a9e   0x08002a9e   0x0000000c   Code   RO          157    .text               c_pu.l(defsig_exit.o)
    0x08002aaa   0x08002aaa   0x00000002   PAD
    0x08002aac   0x08002aac   0x00000030   Code   RO          159    .text               c_pu.l(defsig_abrt_inner.o)
    0x08002adc   0x08002adc   0x00000034   Code   RO          175    .text               c_pu.l(defsig_general.o)
    0x08002b10   0x08002b10   0x00000098   Data   RO           72    .rodata.str1.1      hal_fmc.o
    0x08002ba8   0x08002ba8   0x00000170   Data   RO           94    .rodata.str1.1      hal_rcc.o
    0x08002d18   0x08002d18   0x00000191   Data   RO          102    .rodata.str1.1      hal_timer.o
    0x08002ea9   0x08002ea9   0x00000003   PAD
    0x08002eac   0x08002eac   0x00000010   Data   RO          283    Region$$Table       anon$$obj.o


    Execution Region RW_IRAM1 (Exec base: 0x20000000, Load base: 0x08002ebc, Size: 0x00002008, Max: 0x00030000, ABSOLUTE)

    Exec Addr    Load Addr    Size         Type   Attr      Idx    E Section Name        Object

    0x20000000        -       0x00000002   Zero   RW           36    .bss.timer_count    timer.o
    0x20000002   0x08002ebc   0x00000006   PAD
    0x20000008        -       0x00002000   Zero   RW           48    STACK               startup_ctboard.o


==============================================================================

Image component sizes


      Code (inc. data)   RO Data    RW Data    ZI Data      Debug   Object Name

        40         16          0          0          0        480   datainit_ctboard.o
       932        116        152          0          0       3251   hal_fmc.o
      2440        124          0          0          0       8386   hal_gpio.o
       344         24          0          0          0       1898   hal_pwr.o
      1976        536        368          0          0       4922   hal_rcc.o
      3164        216        401          0          0      11017   hal_timer.o
         4          0          0          0          0        377   main.o
        36          8        428          0       8192        824   startup_ctboard.o
       670         64          0          0          0       6819   system_ctboard.o
       184         32          0          0          2       3413   timer.o

    ----------------------------------------------------------------------
      9792       1136       1368          0       8200      41387   Object Totals
         0          0         16          0          0          0   (incl. Generated)
         2          0          3          0          6          0   (incl. Padding)

    ----------------------------------------------------------------------

      Code (inc. data)   RO Data    RW Data    ZI Data      Debug   Library Member Name

         0          0          0          0          0          0   __rtentry.o
        12          0          0          0          0          0   __rtentry2.o
         6          0          0          0          0          0   __rtentry4.o
        60          8          0          0          0         68   __scatter.o
        28          0          0          0          0          0   __scatter_zi.o
        20          0          0          0          0         68   abort.o
       364          4          0          0          0         92   aeabi_sdiv.o
       124         42          0          0          0         68   assert.o
        20          0          0          0          0         68   assert_puts.o
        48         34          0          0          0         68   defsig_abrt_inner.o
        12          0          0          0          0         68   defsig_abrt_outer.o
        12          0          0          0          0         68   defsig_exit.o
        52          0          0          0          0         72   defsig_general.o
        16          0          0          0          0         68   exit.o
         2          0          0          0          0          0   libinit.o
         2          0          0          0          0          0   libinit2.o
         2          0          0          0          0          0   libshutdown.o
         2          0          0          0          0          0   libshutdown2.o
         2          0          0          0          0          0   rtexit.o
        10          0          0          0          0          0   rtexit2.o
         2          0          0          0          0         68   use_no_semi.o
         2          0          0          0          0         68   use_no_semi_2.o

    ----------------------------------------------------------------------
       804         88          0          0          0        844   Library Totals
         6          0          0          0          0          0   (incl. Padding)

    ----------------------------------------------------------------------

      Code (inc. data)   RO Data    RW Data    ZI Data      Debug   Library Name

       798         88          0          0          0        844   c_pu.l

    ----------------------------------------------------------------------
       804         88          0          0          0        844   Library Totals

    ----------------------------------------------------------------------

==============================================================================


      Code (inc. data)   RO Data    RW Data    ZI Data      Debug   

     10596       1224       1368          0       8200      41591   Grand Totals
     10596       1224       1368          0       8200      41591   ELF Image Totals
     10596       1224       1368          0          0          0   ROM Totals

==============================================================================

    Total RO  Size (Code + RO Data)                11964 (  11.68kB)
    Total RW  Size (RW Data + ZI Data)              8200 (   8.01kB)
    Total ROM Size (Code + RO Data + RW Data)      11964 (  11.68kB)

==============================================================================

