<html>
<body>
<pre>
<h1>µVision Build Log</h1>
<h2>Tool Versions:</h2>
IDE-Version: ÂµVision V5.43.1.0
Copyright (C) 2025 ARM Ltd and ARM Germany GmbH. All rights reserved.
License Information: Dominic Odermatt, YoMama Inc., LIC=----
 
Tool Versions:
Toolchain:       MDK-Lite  Version: 5.43.0.0
Toolchain Path:  C:\Users\domin\AppData\Local\Keil_v5\ARM\ARMCLANG\Bin
C Compiler:      ArmClang.exe V6.24
Assembler:       Armasm.exe V6.24
Linker/Locator:  ArmLink.exe V6.24
Library Manager: ArmAr.exe V6.24
Hex Converter:   FromElf.exe V6.24
CPU DLL:         SARMCM3.DLL V5.43.0.0
Dialog DLL:      DCM.DLL V1.17.5.0
Target DLL:      STLink\ST-LINKIII-KEIL_SWO.dll V3.3.1.0
Dialog DLL:      TCM.DLL V1.56.6.0
 
<h2>Project:</h2>
C:\Users\domin\Desktop\School\ESE\04_P2\P02_Energy\P02_ESE_Energy_Student.uvprojx
Project File Date:  11/13/2025

<h2>Output:</h2>
*** Using Compiler 'V6.24', folder: 'C:\Users\domin\AppData\Local\Keil_v5\ARM\ARMCLANG\Bin'
Rebuild target 'Target 1'
assembling datainit_ctboard.s...
compiling hal_pwr.c...
compiling hal_fmc.c...
compiling hal_rcc.c...
compiling system_ctboard.c...
assembling startup_ctboard.s...
compiling main.c...
compiling hal_gpio.c...
linking...
Program Size: Code=4998 RO-data=942 RW-data=48 ZI-data=8712  
".\build\P02_ESE_Energy.axf" - 0 Error(s), 0 Warning(s).

<h2>Software Packages used:</h2>

Package Vendor: ARM
                https://www.keil.com/pack/ARM.CMSIS.6.2.0.pack
                ARM::CMSIS@6.2.0
                CMSIS (Common Microcontroller Software Interface Standard)
   * Component: CORE Version: 6.1.1

Package Vendor: InES
                https://ennis.zhaw.ch/pack/InES.CTBoard14_DFP.4.0.4.pack
                InES::CTBoard14_DFP@4.0.4
                CT Board 14 (STM32F429ZI) Device Support
   * Component: Startup Version: 4.0.4
   * Component: FMC Version: 4.0.4
   * Component: GPIO Version: 4.0.4
   * Component: PWR Version: 4.0.4
   * Component: RCC Version: 4.0.4

<h2>Collection of Component include folders:</h2>
  ./RTE/_Target_1
  C:/Users/domin/AppData/Local/Arm/Packs/ARM/CMSIS/6.2.0/CMSIS/Core/Include
  C:/Users/domin/AppData/Local/Arm/Packs/InES/CTBoard14_DFP/4.0.4/Device/Include
  C:/Users/domin/AppData/Local/Arm/Packs/InES/CTBoard14_DFP/4.0.4/Device/Include/m4
  C:/Users/domin/AppData/Local/Arm/Packs/InES/CTBoard14_DFP/4.0.4/HAL/Include

<h2>Collection of Component Files used:</h2>

   * Component: ARM::CMSIS:CORE@6.1.1

   * Component: InES::Device:Startup@4.0.4
      Include file:  Device/Include/reg_ctboard.h
      Source file:   Device/Source/system_ctboard.c
      Include file:  Device/Include/reg_stm32f4xx.h
      Include file:  Device/Include/system_ctboard.h
      Include file:  Device/Include/m4/platform_ctboard.h
      Source file:   Device/Source/datainit_ctboard.s
      Source file:   Device/Source/startup_ctboard.s

   * Component: InES::HAL:FMC@4.0.4
      Include file:  HAL/Include/hal_fmc.h
      Source file:   HAL/Source/hal_fmc.c
      Include file:  HAL/Include/hal_common.h
      Include file:  Device/Include/reg_stm32f4xx.h

   * Component: InES::HAL:GPIO@4.0.4
      Include file:  HAL/Include/hal_common.h
      Source file:   HAL/Source/hal_gpio.c
      Include file:  HAL/Include/hal_gpio.h
      Include file:  Device/Include/reg_stm32f4xx.h

   * Component: InES::HAL:PWR@4.0.4
      Include file:  HAL/Include/hal_pwr.h
      Source file:   HAL/Source/hal_pwr.c
      Include file:  Device/Include/reg_stm32f4xx.h
      Include file:  HAL/Include/hal_common.h

   * Component: InES::HAL:RCC@4.0.4
      Include file:  Device/Include/reg_stm32f4xx.h
      Include file:  HAL/Include/hal_rcc.h
      Source file:   HAL/Source/hal_rcc.c
      Include file:  HAL/Include/hal_common.h
Build Time Elapsed:  00:00:00
</pre>
</body>
</html>
